[?25l[?2004h┌───────────────────────────────────────────────┐┌───────────────────────────────────────────────┐[K
│jq:                                            ││{                                              │[K
│.                                              ││  "results": [                                 │[K
└───────────────────────────────────────────────┘│    {                                          │[K
┌───────────────────────────────────────────────┐│      "level": "Info",                         │[K
│ > .                                           ││      "message": "Info message"                │[K
│   .tag                                        ││    },                                         │[K
│   .version                                    ││    {                                          │[K
│   .results                                    ││      "level": "Debug",                        │[K
│   .results[]                                  ││      "message": "Debug message"               │[K
│   .results[].level                            ││    }                                          │[K
│   .results[].message                          ││  ],                                           │[K
│                                               ││  "tag": "Tag",                                │[K
│                                               ││  "version": 3.9                               │[K
│                                               ││}                                              │[K
│                                               ││                                               │[K
│                                               ││                                               │[K
│                                               ││                                               │[K
│                                               ││                                               │[K
│                                               ││                                               │[K
│                                               ││                                               │[K
│                                               ││                                               │[K
│                                               ││                                               │[K
│                                               ││                                               │[K
│                                               ││                                               │[K
│                                               ││                                               │[K
│                                               ││                                               │[K
│                                               ││                                               │[K
│                                               ││                                               │[K
│                                               ││                                               │[K
│                                               ││                                               │[K
│                                               ││                                               │[K
│                                               ││                                               │[K
│                                               ││                                               │[K
│                                               ││                                               │[K
│                                               ││                                               │[K
│                                               ││                                               │[K
│                                               ││                                               │[K
└───────────────────────────────────────────────┘└───────────────────────────────────────────────┘[K[100D[38A
│jq: re                                         ││{                                              │[K




































[100D[38A
│jq: re                                         ││[                                              │[K
│.results                                       ││  {                                            │[K
└───────────────────────────────────────────────┘│    "level": "Info",                           │[K
┌───────────────────────────────────────────────┐│    "message": "Info message"                  │[K
│ > .results                                    ││  },                                           │[K
│   .results[]                                  ││  {                                            │[K
│   .results[].level                            ││    "level": "Debug",                          │[K
│   .results[].message                          ││    "message": "Debug message"                 │[K
│                                               ││  }                                            │[K
│                                               ││]                                              │[K
│                                               ││                                               │[K
│                                               ││                                               │[K
│                                               ││                                               │[K
│                                               ││                                               │[K























[100D[38A
│jq: .results                                   ││[                                              │[K




































[100D[2K[?2004l[?25h[?1002l[?1003l[?1006l